2026-02-12 10:52:27 - Node 7 started
2026-02-12 10:52:45 - BROADCAST MEMBERSHIP: term=1, members=[Node 7(LEADER)], next_seq=1
2026-02-12 10:52:47 - BROADCAST MEMBERSHIP: term=1, members=[Node 7(LEADER)], next_seq=1
2026-02-12 10:52:49 - DISPLAY MEMBERS: 2 nodes: Node 7 (LEADER), Node 19 (FOLLOWER)
2026-02-12 10:52:49 - BROADCAST MEMBERSHIP: term=1, members=[Node 7(LEADER), Node 19(FOLLOWER)], next_seq=1
2026-02-12 10:52:49 - Sent MEMBERSHIP to node 19 at ('192.168.0.100', 60795)
2026-02-12 10:52:51 - BROADCAST MEMBERSHIP: term=1, members=[Node 7(LEADER), Node 19(FOLLOWER)], next_seq=1
2026-02-12 10:52:51 - Sent MEMBERSHIP to node 19 at ('192.168.0.100', 60795)
2026-02-12 10:52:53 - ORDERING MESSAGE: seq=1, mid=258842c5-995e-459d-b049-f6625381ec09, from=7, text='heyy'
2026-02-12 10:52:53 - BROADCAST ORDERED: seq=1, mid=258842c5-995e-459d-b049-f6625381ec09, to 2 members
2026-02-12 10:52:53 - ORDERED seq=1, mid=258842c5-995e-459d-b049-f6625381ec09, from=7: 'heyy', awaiting ACKs from 1 followers
2026-02-12 10:52:53 - Received ORDERED seq=1, mid=258842c5-995e-459d-b049-f6625381ec09, from=7, text='heyy'
2026-02-12 10:52:53 - STORED in holdback [seq=1] 7: heyy (next_seq_to_deliver=2)
2026-02-12 10:52:53 - Received ORDERED seq=1, mid=258842c5-995e-459d-b049-f6625381ec09, from=7, text='heyy'
2026-02-12 10:52:53 - STORED in holdback [seq=1] 7: heyy (next_seq_to_deliver=2)
2026-02-12 10:52:53 - RECEIVED HEARTBEAT from follower 19 (max_seq_delivered=0)
2026-02-12 10:52:53 - RECEIVED DELIVER_ACK from node 19: seq=1, remaining_acks=0
2026-02-12 10:52:53 - ALL ACKS RECEIVED: seq=1, mid=258842c5-995e-459d-b049-f6625381ec09
2026-02-12 10:52:53 - BROADCAST MEMBERSHIP: term=1, members=[Node 7(LEADER), Node 19(FOLLOWER)], next_seq=2
2026-02-12 10:52:53 - Sent MEMBERSHIP to node 19 at ('192.168.0.100', 60795)
2026-02-12 10:52:55 - RECEIVED HEARTBEAT from follower 19 (max_seq_delivered=1)
2026-02-12 10:52:55 - BROADCAST MEMBERSHIP: term=1, members=[Node 7(LEADER), Node 19(FOLLOWER)], next_seq=2
2026-02-12 10:52:55 - Sent MEMBERSHIP to node 19 at ('192.168.0.100', 60795)
2026-02-12 10:52:57 - RECEIVED HEARTBEAT from follower 19 (max_seq_delivered=1)
2026-02-12 10:52:57 - BROADCAST MEMBERSHIP: term=1, members=[Node 7(LEADER), Node 19(FOLLOWER)], next_seq=2
2026-02-12 10:52:57 - Sent MEMBERSHIP to node 19 at ('192.168.0.100', 60795)
2026-02-12 10:52:59 - RECEIVED HEARTBEAT from follower 19 (max_seq_delivered=1)
2026-02-12 10:52:59 - BROADCAST MEMBERSHIP: term=1, members=[Node 7(LEADER), Node 19(FOLLOWER)], next_seq=2
2026-02-12 10:52:59 - Sent MEMBERSHIP to node 19 at ('192.168.0.100', 60795)
2026-02-12 10:53:01 - RECEIVED HEARTBEAT from follower 19 (max_seq_delivered=1)
2026-02-12 10:53:01 - ORDERING MESSAGE: seq=2, mid=e2149b35-d1ba-4e4b-8abf-b4b85a1b245b, from=7, text='jiii'
2026-02-12 10:53:01 - BROADCAST ORDERED: seq=2, mid=e2149b35-d1ba-4e4b-8abf-b4b85a1b245b, to 2 members
2026-02-12 10:53:01 - Received ORDERED seq=2, mid=e2149b35-d1ba-4e4b-8abf-b4b85a1b245b, from=7, text='jiii'
2026-02-12 10:53:01 - ORDERED seq=2, mid=e2149b35-d1ba-4e4b-8abf-b4b85a1b245b, from=7: 'jiii', awaiting ACKs from 1 followers
2026-02-12 10:53:01 - STORED in holdback [seq=2] 7: jiii (next_seq_to_deliver=3)
2026-02-12 10:53:01 - Received ORDERED seq=2, mid=e2149b35-d1ba-4e4b-8abf-b4b85a1b245b, from=7, text='jiii'
2026-02-12 10:53:01 - STORED in holdback [seq=2] 7: jiii (next_seq_to_deliver=3)
2026-02-12 10:53:01 - BROADCAST MEMBERSHIP: term=1, members=[Node 7(LEADER), Node 19(FOLLOWER)], next_seq=3
2026-02-12 10:53:01 - Sent MEMBERSHIP to node 19 at ('192.168.0.100', 60795)
2026-02-12 10:53:02 - RECEIVED DELIVER_ACK from node 19: seq=2, remaining_acks=0
2026-02-12 10:53:02 - ALL ACKS RECEIVED: seq=2, mid=e2149b35-d1ba-4e4b-8abf-b4b85a1b245b
2026-02-12 10:53:03 - RECEIVED HEARTBEAT from follower 19 (max_seq_delivered=2)
2026-02-12 10:53:03 - BROADCAST MEMBERSHIP: term=1, members=[Node 7(LEADER), Node 19(FOLLOWER)], next_seq=3
2026-02-12 10:53:03 - Sent MEMBERSHIP to node 19 at ('192.168.0.100', 60795)
2026-02-12 10:53:05 - RECEIVED HEARTBEAT from follower 19 (max_seq_delivered=2)
2026-02-12 10:53:05 - BROADCAST MEMBERSHIP: term=1, members=[Node 7(LEADER), Node 19(FOLLOWER)], next_seq=3
2026-02-12 10:53:05 - Sent MEMBERSHIP to node 19 at ('192.168.0.100', 60795)
2026-02-12 10:53:06 - RECEIVED PROPOSE from node 19: 'hi' (mid=214ee02e-246d-4bb3-8c58-01871e7cb88b)
2026-02-12 10:53:06 - ORDERING MESSAGE: seq=3, mid=214ee02e-246d-4bb3-8c58-01871e7cb88b, from=19, text='hi'
2026-02-12 10:53:06 - BROADCAST ORDERED: seq=3, mid=214ee02e-246d-4bb3-8c58-01871e7cb88b, to 2 members
2026-02-12 10:53:06 - Received ORDERED seq=3, mid=214ee02e-246d-4bb3-8c58-01871e7cb88b, from=7, text='hi'
2026-02-12 10:53:06 - ORDERED seq=3, mid=214ee02e-246d-4bb3-8c58-01871e7cb88b, from=19: 'hi', awaiting ACKs from 1 followers
2026-02-12 10:53:06 - STORED in holdback [seq=3] 19: hi (next_seq_to_deliver=4)
2026-02-12 10:53:06 - Received ORDERED seq=3, mid=214ee02e-246d-4bb3-8c58-01871e7cb88b, from=7, text='hi'
2026-02-12 10:53:06 - STORED in holdback [seq=3] 19: hi (next_seq_to_deliver=4)
2026-02-12 10:53:07 - RECEIVED DELIVER_ACK from node 19: seq=3, remaining_acks=0
2026-02-12 10:53:07 - ALL ACKS RECEIVED: seq=3, mid=214ee02e-246d-4bb3-8c58-01871e7cb88b
2026-02-12 10:53:07 - RECEIVED HEARTBEAT from follower 19 (max_seq_delivered=3)
2026-02-12 10:53:07 - BROADCAST MEMBERSHIP: term=1, members=[Node 7(LEADER), Node 19(FOLLOWER)], next_seq=4
2026-02-12 10:53:07 - Sent MEMBERSHIP to node 19 at ('192.168.0.100', 60795)
2026-02-12 10:53:09 - RECEIVED HEARTBEAT from follower 19 (max_seq_delivered=3)
2026-02-12 10:53:09 - BROADCAST MEMBERSHIP: term=1, members=[Node 7(LEADER), Node 19(FOLLOWER)], next_seq=4
2026-02-12 10:53:09 - Sent MEMBERSHIP to node 19 at ('192.168.0.100', 60795)
2026-02-12 10:53:10 - ORDERING MESSAGE: seq=4, mid=9bad3e05-98d5-497c-ae63-f58bf41c31ea, from=7, text='900909090'
2026-02-12 10:53:10 - BROADCAST ORDERED: seq=4, mid=9bad3e05-98d5-497c-ae63-f58bf41c31ea, to 2 members
2026-02-12 10:53:10 - Received ORDERED seq=4, mid=9bad3e05-98d5-497c-ae63-f58bf41c31ea, from=7, text='900909090'
2026-02-12 10:53:10 - ORDERED seq=4, mid=9bad3e05-98d5-497c-ae63-f58bf41c31ea, from=7: '900909090', awaiting ACKs from 1 followers
2026-02-12 10:53:10 - STORED in holdback [seq=4] 7: 900909090 (next_seq_to_deliver=5)
2026-02-12 10:53:10 - Received ORDERED seq=4, mid=9bad3e05-98d5-497c-ae63-f58bf41c31ea, from=7, text='900909090'
2026-02-12 10:53:10 - STORED in holdback [seq=4] 7: 900909090 (next_seq_to_deliver=5)
2026-02-12 10:53:10 - RECEIVED DELIVER_ACK from node 19: seq=4, remaining_acks=0
2026-02-12 10:53:10 - ALL ACKS RECEIVED: seq=4, mid=9bad3e05-98d5-497c-ae63-f58bf41c31ea
2026-02-12 10:53:11 - RECEIVED HEARTBEAT from follower 19 (max_seq_delivered=4)
2026-02-12 10:53:11 - BROADCAST MEMBERSHIP: term=1, members=[Node 7(LEADER), Node 19(FOLLOWER)], next_seq=5
2026-02-12 10:53:11 - Sent MEMBERSHIP to node 19 at ('192.168.0.100', 60795)
2026-02-12 10:53:13 - RECEIVED HEARTBEAT from follower 19 (max_seq_delivered=4)
2026-02-12 10:53:13 - BROADCAST MEMBERSHIP: term=1, members=[Node 7(LEADER), Node 19(FOLLOWER)], next_seq=5
2026-02-12 10:53:13 - Sent MEMBERSHIP to node 19 at ('192.168.0.100', 60795)
2026-02-12 10:53:14 - ORDERING MESSAGE: seq=5, mid=a56cd21f-d5fd-4cf3-b7ed-a1a415f70dd3, from=7, text='awwwwww'
2026-02-12 10:53:14 - BROADCAST ORDERED: seq=5, mid=a56cd21f-d5fd-4cf3-b7ed-a1a415f70dd3, to 2 members
2026-02-12 10:53:14 - Received ORDERED seq=5, mid=a56cd21f-d5fd-4cf3-b7ed-a1a415f70dd3, from=7, text='awwwwww'
2026-02-12 10:53:14 - ORDERED seq=5, mid=a56cd21f-d5fd-4cf3-b7ed-a1a415f70dd3, from=7: 'awwwwww', awaiting ACKs from 1 followers
2026-02-12 10:53:14 - STORED in holdback [seq=5] 7: awwwwww (next_seq_to_deliver=6)
2026-02-12 10:53:14 - Received ORDERED seq=5, mid=a56cd21f-d5fd-4cf3-b7ed-a1a415f70dd3, from=7, text='awwwwww'
2026-02-12 10:53:14 - STORED in holdback [seq=5] 7: awwwwww (next_seq_to_deliver=6)
2026-02-12 10:53:14 - RECEIVED DELIVER_ACK from node 19: seq=5, remaining_acks=0
2026-02-12 10:53:14 - ALL ACKS RECEIVED: seq=5, mid=a56cd21f-d5fd-4cf3-b7ed-a1a415f70dd3
2026-02-12 10:53:15 - RECEIVED HEARTBEAT from follower 19 (max_seq_delivered=5)
2026-02-12 10:53:15 - BROADCAST MEMBERSHIP: term=1, members=[Node 7(LEADER), Node 19(FOLLOWER)], next_seq=6
2026-02-12 10:53:15 - Sent MEMBERSHIP to node 19 at ('192.168.0.100', 60795)
2026-02-12 10:53:17 - ORDERING MESSAGE: seq=6, mid=7def2492-a77c-454e-bcf5-1505d5625ec1, from=7, text='wwww'
2026-02-12 10:53:17 - BROADCAST ORDERED: seq=6, mid=7def2492-a77c-454e-bcf5-1505d5625ec1, to 2 members
2026-02-12 10:53:17 - Received ORDERED seq=6, mid=7def2492-a77c-454e-bcf5-1505d5625ec1, from=7, text='wwww'
2026-02-12 10:53:17 - ORDERED seq=6, mid=7def2492-a77c-454e-bcf5-1505d5625ec1, from=7: 'wwww', awaiting ACKs from 1 followers
2026-02-12 10:53:17 - STORED in holdback [seq=6] 7: wwww (next_seq_to_deliver=7)
2026-02-12 10:53:17 - Received ORDERED seq=6, mid=7def2492-a77c-454e-bcf5-1505d5625ec1, from=7, text='wwww'
2026-02-12 10:53:17 - STORED in holdback [seq=6] 7: wwww (next_seq_to_deliver=7)
2026-02-12 10:53:17 - RECEIVED HEARTBEAT from follower 19 (max_seq_delivered=5)
2026-02-12 10:53:17 - RECEIVED DELIVER_ACK from node 19: seq=6, remaining_acks=0
2026-02-12 10:53:17 - ALL ACKS RECEIVED: seq=6, mid=7def2492-a77c-454e-bcf5-1505d5625ec1
2026-02-12 10:53:17 - BROADCAST MEMBERSHIP: term=1, members=[Node 7(LEADER), Node 19(FOLLOWER)], next_seq=7
2026-02-12 10:53:17 - Sent MEMBERSHIP to node 19 at ('192.168.0.100', 60795)
2026-02-12 10:53:19 - RECEIVED HEARTBEAT from follower 19 (max_seq_delivered=6)
2026-02-12 10:53:19 - BROADCAST MEMBERSHIP: term=1, members=[Node 7(LEADER), Node 19(FOLLOWER)], next_seq=7
2026-02-12 10:53:19 - Sent MEMBERSHIP to node 19 at ('192.168.0.100', 60795)
2026-02-12 10:53:21 - RECEIVED HEARTBEAT from follower 19 (max_seq_delivered=6)
2026-02-12 10:53:21 - BROADCAST MEMBERSHIP: term=1, members=[Node 7(LEADER), Node 19(FOLLOWER)], next_seq=7
2026-02-12 10:53:21 - Sent MEMBERSHIP to node 19 at ('192.168.0.100', 60795)
2026-02-12 10:53:23 - RECEIVED HEARTBEAT from follower 19 (max_seq_delivered=6)
2026-02-12 10:53:23 - BROADCAST MEMBERSHIP: term=1, members=[Node 7(LEADER), Node 19(FOLLOWER)], next_seq=7
2026-02-12 10:53:23 - Sent MEMBERSHIP to node 19 at ('192.168.0.100', 60795)
2026-02-12 10:53:25 - RECEIVED HEARTBEAT from follower 19 (max_seq_delivered=6)
2026-02-12 10:53:25 - BROADCAST MEMBERSHIP: term=1, members=[Node 7(LEADER), Node 19(FOLLOWER)], next_seq=7
2026-02-12 10:53:25 - Sent MEMBERSHIP to node 19 at ('192.168.0.100', 60795)
2026-02-12 10:53:27 - RECEIVED HEARTBEAT from follower 19 (max_seq_delivered=6)
2026-02-12 10:53:27 - BROADCAST MEMBERSHIP: term=1, members=[Node 7(LEADER), Node 19(FOLLOWER)], next_seq=7
2026-02-12 10:53:27 - Sent MEMBERSHIP to node 19 at ('192.168.0.100', 60795)
2026-02-12 10:53:29 - RECEIVED HEARTBEAT from follower 19 (max_seq_delivered=6)
2026-02-12 10:53:29 - BROADCAST MEMBERSHIP: term=1, members=[Node 7(LEADER), Node 19(FOLLOWER)], next_seq=7
2026-02-12 10:53:29 - Sent MEMBERSHIP to node 19 at ('192.168.0.100', 60795)
2026-02-12 10:53:31 - RECEIVED HEARTBEAT from follower 19 (max_seq_delivered=6)
2026-02-12 10:53:31 - BROADCAST MEMBERSHIP: term=1, members=[Node 7(LEADER), Node 19(FOLLOWER)], next_seq=7
2026-02-12 10:53:31 - Sent MEMBERSHIP to node 19 at ('192.168.0.100', 60795)
2026-02-12 10:53:33 - RECEIVED HEARTBEAT from follower 19 (max_seq_delivered=6)
2026-02-12 10:53:33 - BROADCAST MEMBERSHIP: term=1, members=[Node 7(LEADER), Node 19(FOLLOWER)], next_seq=7
2026-02-12 10:53:33 - Sent MEMBERSHIP to node 19 at ('192.168.0.100', 60795)
2026-02-12 10:53:35 - RECEIVED HEARTBEAT from follower 19 (max_seq_delivered=6)
2026-02-12 10:53:35 - BROADCAST MEMBERSHIP: term=1, members=[Node 7(LEADER), Node 19(FOLLOWER)], next_seq=7
2026-02-12 10:53:35 - Sent MEMBERSHIP to node 19 at ('192.168.0.100', 60795)
2026-02-12 10:53:37 - RECEIVED HEARTBEAT from follower 19 (max_seq_delivered=6)
2026-02-12 10:53:37 - BROADCAST MEMBERSHIP: term=1, members=[Node 7(LEADER), Node 19(FOLLOWER)], next_seq=7
2026-02-12 10:53:37 - Sent MEMBERSHIP to node 19 at ('192.168.0.100', 60795)
2026-02-12 10:53:39 - RECEIVED HEARTBEAT from follower 19 (max_seq_delivered=6)
2026-02-12 10:53:39 - BROADCAST MEMBERSHIP: term=1, members=[Node 7(LEADER), Node 19(FOLLOWER)], next_seq=7
2026-02-12 10:53:39 - Sent MEMBERSHIP to node 19 at ('192.168.0.100', 60795)
2026-02-12 10:53:41 - RECEIVED HEARTBEAT from follower 19 (max_seq_delivered=6)
2026-02-12 10:53:41 - BROADCAST MEMBERSHIP: term=1, members=[Node 7(LEADER), Node 19(FOLLOWER)], next_seq=7
2026-02-12 10:53:41 - Sent MEMBERSHIP to node 19 at ('192.168.0.100', 60795)
2026-02-12 10:53:43 - RECEIVED HEARTBEAT from follower 19 (max_seq_delivered=6)
2026-02-12 10:53:43 - BROADCAST MEMBERSHIP: term=1, members=[Node 7(LEADER), Node 19(FOLLOWER)], next_seq=7
2026-02-12 10:53:43 - Sent MEMBERSHIP to node 19 at ('192.168.0.100', 60795)
2026-02-12 10:53:45 - RECEIVED HEARTBEAT from follower 19 (max_seq_delivered=6)
2026-02-12 10:53:45 - BROADCAST MEMBERSHIP: term=1, members=[Node 7(LEADER), Node 19(FOLLOWER)], next_seq=7
2026-02-12 10:53:45 - Sent MEMBERSHIP to node 19 at ('192.168.0.100', 60795)
2026-02-12 10:53:47 - RECEIVED HEARTBEAT from follower 19 (max_seq_delivered=6)
2026-02-12 10:53:47 - BROADCAST MEMBERSHIP: term=1, members=[Node 7(LEADER), Node 19(FOLLOWER)], next_seq=7
2026-02-12 10:53:47 - Sent MEMBERSHIP to node 19 at ('192.168.0.100', 60795)
2026-02-12 10:53:49 - RECEIVED HEARTBEAT from follower 19 (max_seq_delivered=6)
2026-02-12 10:53:49 - BROADCAST MEMBERSHIP: term=1, members=[Node 7(LEADER), Node 19(FOLLOWER)], next_seq=7
2026-02-12 10:53:49 - Sent MEMBERSHIP to node 19 at ('192.168.0.100', 60795)
2026-02-12 10:53:51 - RECEIVED HEARTBEAT from follower 19 (max_seq_delivered=6)
2026-02-12 10:53:51 - BROADCAST MEMBERSHIP: term=1, members=[Node 7(LEADER), Node 19(FOLLOWER)], next_seq=7
2026-02-12 10:53:51 - Sent MEMBERSHIP to node 19 at ('192.168.0.100', 60795)
2026-02-12 10:53:53 - RECEIVED HEARTBEAT from follower 19 (max_seq_delivered=6)
2026-02-12 10:53:53 - BROADCAST MEMBERSHIP: term=1, members=[Node 7(LEADER), Node 19(FOLLOWER)], next_seq=7
2026-02-12 10:53:53 - Sent MEMBERSHIP to node 19 at ('192.168.0.100', 60795)
2026-02-12 10:53:55 - RECEIVED HEARTBEAT from follower 19 (max_seq_delivered=6)
2026-02-12 10:53:55 - BROADCAST MEMBERSHIP: term=1, members=[Node 7(LEADER), Node 19(FOLLOWER)], next_seq=7
2026-02-12 10:53:55 - Sent MEMBERSHIP to node 19 at ('192.168.0.100', 60795)
2026-02-12 10:53:57 - RECEIVED HEARTBEAT from follower 19 (max_seq_delivered=6)
2026-02-12 10:53:57 - BROADCAST MEMBERSHIP: term=1, members=[Node 7(LEADER), Node 19(FOLLOWER)], next_seq=7
2026-02-12 10:53:57 - Sent MEMBERSHIP to node 19 at ('192.168.0.100', 60795)
2026-02-12 10:53:59 - RECEIVED HEARTBEAT from follower 19 (max_seq_delivered=6)
2026-02-12 10:53:59 - BROADCAST MEMBERSHIP: term=1, members=[Node 7(LEADER), Node 19(FOLLOWER)], next_seq=7
2026-02-12 10:53:59 - Sent MEMBERSHIP to node 19 at ('192.168.0.100', 60795)
2026-02-12 10:54:01 - RECEIVED HEARTBEAT from follower 19 (max_seq_delivered=6)
2026-02-12 10:54:01 - BROADCAST MEMBERSHIP: term=1, members=[Node 7(LEADER), Node 19(FOLLOWER)], next_seq=7
2026-02-12 10:54:01 - Sent MEMBERSHIP to node 19 at ('192.168.0.100', 60795)
2026-02-12 10:54:03 - RECEIVED HEARTBEAT from follower 19 (max_seq_delivered=6)
2026-02-12 10:54:03 - BROADCAST MEMBERSHIP: term=1, members=[Node 7(LEADER), Node 19(FOLLOWER)], next_seq=7
2026-02-12 10:54:03 - Sent MEMBERSHIP to node 19 at ('192.168.0.100', 60795)
2026-02-12 10:54:05 - RECEIVED HEARTBEAT from follower 19 (max_seq_delivered=6)
2026-02-12 10:54:05 - BROADCAST MEMBERSHIP: term=1, members=[Node 7(LEADER), Node 19(FOLLOWER)], next_seq=7
2026-02-12 10:54:05 - Sent MEMBERSHIP to node 19 at ('192.168.0.100', 60795)
2026-02-12 10:54:07 - RECEIVED HEARTBEAT from follower 19 (max_seq_delivered=6)
2026-02-12 10:54:07 - BROADCAST MEMBERSHIP: term=1, members=[Node 7(LEADER), Node 19(FOLLOWER)], next_seq=7
2026-02-12 10:54:07 - Sent MEMBERSHIP to node 19 at ('192.168.0.100', 60795)
2026-02-12 10:54:09 - RECEIVED HEARTBEAT from follower 19 (max_seq_delivered=6)
2026-02-12 10:54:09 - BROADCAST MEMBERSHIP: term=1, members=[Node 7(LEADER), Node 19(FOLLOWER)], next_seq=7
2026-02-12 10:54:09 - Sent MEMBERSHIP to node 19 at ('192.168.0.100', 60795)
2026-02-12 10:54:11 - RECEIVED HEARTBEAT from follower 19 (max_seq_delivered=6)
2026-02-12 10:54:11 - BROADCAST MEMBERSHIP: term=1, members=[Node 7(LEADER), Node 19(FOLLOWER)], next_seq=7
2026-02-12 10:54:11 - Sent MEMBERSHIP to node 19 at ('192.168.0.100', 60795)
2026-02-12 10:54:13 - RECEIVED HEARTBEAT from follower 19 (max_seq_delivered=6)
2026-02-12 10:54:13 - BROADCAST MEMBERSHIP: term=1, members=[Node 7(LEADER), Node 19(FOLLOWER)], next_seq=7
2026-02-12 10:54:13 - Sent MEMBERSHIP to node 19 at ('192.168.0.100', 60795)
2026-02-12 10:54:15 - RECEIVED HEARTBEAT from follower 19 (max_seq_delivered=6)
2026-02-12 10:54:15 - BROADCAST MEMBERSHIP: term=1, members=[Node 7(LEADER), Node 19(FOLLOWER)], next_seq=7
2026-02-12 10:54:15 - Sent MEMBERSHIP to node 19 at ('192.168.0.100', 60795)
2026-02-12 10:54:17 - RECEIVED HEARTBEAT from follower 19 (max_seq_delivered=6)
2026-02-12 10:54:17 - BROADCAST MEMBERSHIP: term=1, members=[Node 7(LEADER), Node 19(FOLLOWER)], next_seq=7
2026-02-12 10:54:17 - Sent MEMBERSHIP to node 19 at ('192.168.0.100', 60795)
2026-02-12 10:54:19 - RECEIVED HEARTBEAT from follower 19 (max_seq_delivered=6)
2026-02-12 10:54:20 - BROADCAST MEMBERSHIP: term=1, members=[Node 7(LEADER), Node 19(FOLLOWER)], next_seq=7
2026-02-12 10:54:20 - Sent MEMBERSHIP to node 19 at ('192.168.0.100', 60795)
2026-02-12 10:54:21 - RECEIVED HEARTBEAT from follower 19 (max_seq_delivered=6)
2026-02-12 10:54:22 - BROADCAST MEMBERSHIP: term=1, members=[Node 7(LEADER), Node 19(FOLLOWER)], next_seq=7
2026-02-12 10:54:22 - Sent MEMBERSHIP to node 19 at ('192.168.0.100', 60795)
2026-02-12 10:54:23 - RECEIVED HEARTBEAT from follower 19 (max_seq_delivered=6)
2026-02-12 10:54:24 - BROADCAST MEMBERSHIP: term=1, members=[Node 7(LEADER), Node 19(FOLLOWER)], next_seq=7
2026-02-12 10:54:24 - Sent MEMBERSHIP to node 19 at ('192.168.0.100', 60795)
2026-02-12 10:54:25 - RECEIVED HEARTBEAT from follower 19 (max_seq_delivered=6)
2026-02-12 10:54:26 - BROADCAST MEMBERSHIP: term=1, members=[Node 7(LEADER), Node 19(FOLLOWER)], next_seq=7
2026-02-12 10:54:26 - Sent MEMBERSHIP to node 19 at ('192.168.0.100', 60795)
2026-02-12 10:54:27 - RECEIVED HEARTBEAT from follower 19 (max_seq_delivered=6)
2026-02-12 10:54:28 - BROADCAST MEMBERSHIP: term=1, members=[Node 7(LEADER), Node 19(FOLLOWER)], next_seq=7
2026-02-12 10:54:28 - Sent MEMBERSHIP to node 19 at ('192.168.0.100', 60795)
2026-02-12 10:54:29 - RECEIVED HEARTBEAT from follower 19 (max_seq_delivered=6)
2026-02-12 10:54:30 - BROADCAST MEMBERSHIP: term=1, members=[Node 7(LEADER), Node 19(FOLLOWER)], next_seq=7
2026-02-12 10:54:30 - Sent MEMBERSHIP to node 19 at ('192.168.0.100', 60795)
2026-02-12 10:54:31 - RECEIVED HEARTBEAT from follower 19 (max_seq_delivered=6)
2026-02-12 10:54:32 - BROADCAST MEMBERSHIP: term=1, members=[Node 7(LEADER), Node 19(FOLLOWER)], next_seq=7
2026-02-12 10:54:32 - Sent MEMBERSHIP to node 19 at ('192.168.0.100', 60795)
2026-02-12 10:54:34 - BROADCAST MEMBERSHIP: term=1, members=[Node 7(LEADER), Node 19(FOLLOWER)], next_seq=7
2026-02-12 10:54:34 - Sent MEMBERSHIP to node 19 at ('192.168.0.100', 60795)
2026-02-12 10:54:36 - BROADCAST MEMBERSHIP: term=1, members=[Node 7(LEADER), Node 19(FOLLOWER)], next_seq=7
2026-02-12 10:54:36 - Sent MEMBERSHIP to node 19 at ('192.168.0.100', 60795)
2026-02-12 10:54:38 - BROADCAST MEMBERSHIP: term=1, members=[Node 7(LEADER), Node 19(FOLLOWER)], next_seq=7
2026-02-12 10:54:38 - Sent MEMBERSHIP to node 19 at ('192.168.0.100', 60795)
2026-02-12 10:54:39 - Detected failure of node 19 (no heartbeat for 7.0s) - removing from cluster
2026-02-12 10:54:39 - BROADCAST MEMBERSHIP: term=1, members=[Node 7(LEADER)], next_seq=7
2026-02-12 10:54:40 - BROADCAST MEMBERSHIP: term=1, members=[Node 7(LEADER)], next_seq=7
2026-02-12 10:54:42 - BROADCAST MEMBERSHIP: term=1, members=[Node 7(LEADER)], next_seq=7
2026-02-12 10:54:44 - BROADCAST MEMBERSHIP: term=1, members=[Node 7(LEADER)], next_seq=7
2026-02-12 10:54:46 - BROADCAST MEMBERSHIP: term=1, members=[Node 7(LEADER)], next_seq=7
2026-02-12 10:54:48 - BROADCAST MEMBERSHIP: term=1, members=[Node 7(LEADER)], next_seq=7
2026-02-12 10:54:50 - BROADCAST MEMBERSHIP: term=1, members=[Node 7(LEADER)], next_seq=7
2026-02-12 10:54:52 - BROADCAST MEMBERSHIP: term=1, members=[Node 7(LEADER)], next_seq=7
2026-02-12 10:54:54 - BROADCAST MEMBERSHIP: term=1, members=[Node 7(LEADER)], next_seq=7
2026-02-12 10:54:56 - BROADCAST MEMBERSHIP: term=1, members=[Node 7(LEADER)], next_seq=7
2026-02-12 10:54:58 - BROADCAST MEMBERSHIP: term=1, members=[Node 7(LEADER)], next_seq=7
2026-02-12 10:55:00 - BROADCAST MEMBERSHIP: term=1, members=[Node 7(LEADER)], next_seq=7
2026-02-12 10:55:02 - BROADCAST MEMBERSHIP: term=1, members=[Node 7(LEADER)], next_seq=7
2026-02-12 10:55:04 - BROADCAST MEMBERSHIP: term=1, members=[Node 7(LEADER)], next_seq=7
2026-02-12 10:55:06 - BROADCAST MEMBERSHIP: term=1, members=[Node 7(LEADER)], next_seq=7
2026-02-12 10:55:08 - BROADCAST MEMBERSHIP: term=1, members=[Node 7(LEADER)], next_seq=7
2026-02-12 10:55:10 - BROADCAST MEMBERSHIP: term=1, members=[Node 7(LEADER)], next_seq=7
2026-02-12 10:55:12 - BROADCAST MEMBERSHIP: term=1, members=[Node 7(LEADER)], next_seq=7
2026-02-12 10:55:14 - BROADCAST MEMBERSHIP: term=1, members=[Node 7(LEADER)], next_seq=7
2026-02-12 10:55:16 - BROADCAST MEMBERSHIP: term=1, members=[Node 7(LEADER)], next_seq=7
2026-02-12 10:55:18 - BROADCAST MEMBERSHIP: term=1, members=[Node 7(LEADER)], next_seq=7
2026-02-12 10:55:20 - BROADCAST MEMBERSHIP: term=1, members=[Node 7(LEADER)], next_seq=7
2026-02-12 10:55:22 - BROADCAST MEMBERSHIP: term=1, members=[Node 7(LEADER)], next_seq=7
2026-02-12 10:55:24 - BROADCAST MEMBERSHIP: term=1, members=[Node 7(LEADER)], next_seq=7
2026-02-12 10:55:26 - BROADCAST MEMBERSHIP: term=1, members=[Node 7(LEADER)], next_seq=7
2026-02-12 10:55:28 - BROADCAST MEMBERSHIP: term=1, members=[Node 7(LEADER)], next_seq=7
2026-02-12 10:55:30 - BROADCAST MEMBERSHIP: term=1, members=[Node 7(LEADER)], next_seq=7
2026-02-12 10:55:32 - BROADCAST MEMBERSHIP: term=1, members=[Node 7(LEADER)], next_seq=7
2026-02-12 10:55:34 - BROADCAST MEMBERSHIP: term=1, members=[Node 7(LEADER)], next_seq=7
2026-02-12 10:55:36 - BROADCAST MEMBERSHIP: term=1, members=[Node 7(LEADER)], next_seq=7
2026-02-12 10:55:38 - BROADCAST MEMBERSHIP: term=1, members=[Node 7(LEADER)], next_seq=7
2026-02-12 10:55:40 - BROADCAST MEMBERSHIP: term=1, members=[Node 7(LEADER)], next_seq=7
2026-02-12 10:55:42 - BROADCAST MEMBERSHIP: term=1, members=[Node 7(LEADER)], next_seq=7
2026-02-12 10:55:44 - BROADCAST MEMBERSHIP: term=1, members=[Node 7(LEADER)], next_seq=7
2026-02-12 10:55:46 - BROADCAST MEMBERSHIP: term=1, members=[Node 7(LEADER)], next_seq=7
2026-02-12 10:55:48 - BROADCAST MEMBERSHIP: term=1, members=[Node 7(LEADER)], next_seq=7
2026-02-12 10:55:50 - BROADCAST MEMBERSHIP: term=1, members=[Node 7(LEADER)], next_seq=7
2026-02-12 10:55:52 - BROADCAST MEMBERSHIP: term=1, members=[Node 7(LEADER)], next_seq=7
2026-02-12 10:55:54 - BROADCAST MEMBERSHIP: term=1, members=[Node 7(LEADER)], next_seq=7
2026-02-12 10:55:56 - BROADCAST MEMBERSHIP: term=1, members=[Node 7(LEADER)], next_seq=7
2026-02-12 10:55:58 - BROADCAST MEMBERSHIP: term=1, members=[Node 7(LEADER)], next_seq=7
2026-02-12 10:56:00 - BROADCAST MEMBERSHIP: term=1, members=[Node 7(LEADER)], next_seq=7
2026-02-12 10:56:02 - BROADCAST MEMBERSHIP: term=1, members=[Node 7(LEADER)], next_seq=7
2026-02-12 10:56:04 - BROADCAST MEMBERSHIP: term=1, members=[Node 7(LEADER)], next_seq=7
2026-02-12 10:56:06 - BROADCAST MEMBERSHIP: term=1, members=[Node 7(LEADER)], next_seq=7
2026-02-12 10:56:08 - BROADCAST MEMBERSHIP: term=1, members=[Node 7(LEADER)], next_seq=7
2026-02-12 10:56:10 - BROADCAST MEMBERSHIP: term=1, members=[Node 7(LEADER)], next_seq=7
2026-02-12 10:56:12 - BROADCAST MEMBERSHIP: term=1, members=[Node 7(LEADER)], next_seq=7
2026-02-12 10:56:14 - BROADCAST MEMBERSHIP: term=1, members=[Node 7(LEADER)], next_seq=7
2026-02-12 10:56:16 - BROADCAST MEMBERSHIP: term=1, members=[Node 7(LEADER)], next_seq=7
2026-02-12 10:56:18 - BROADCAST MEMBERSHIP: term=1, members=[Node 7(LEADER)], next_seq=7
2026-02-12 10:56:20 - BROADCAST MEMBERSHIP: term=1, members=[Node 7(LEADER)], next_seq=7
2026-02-12 10:56:22 - BROADCAST MEMBERSHIP: term=1, members=[Node 7(LEADER)], next_seq=7
2026-02-12 10:56:24 - BROADCAST MEMBERSHIP: term=1, members=[Node 7(LEADER)], next_seq=7
2026-02-12 10:56:26 - BROADCAST MEMBERSHIP: term=1, members=[Node 7(LEADER)], next_seq=7
2026-02-12 10:56:28 - BROADCAST MEMBERSHIP: term=1, members=[Node 7(LEADER)], next_seq=7
2026-02-12 10:56:30 - BROADCAST MEMBERSHIP: term=1, members=[Node 7(LEADER)], next_seq=7
2026-02-12 10:56:32 - BROADCAST MEMBERSHIP: term=1, members=[Node 7(LEADER)], next_seq=7
2026-02-12 10:56:34 - BROADCAST MEMBERSHIP: term=1, members=[Node 7(LEADER)], next_seq=7
2026-02-12 10:56:36 - BROADCAST MEMBERSHIP: term=1, members=[Node 7(LEADER)], next_seq=7
2026-02-12 10:56:38 - BROADCAST MEMBERSHIP: term=1, members=[Node 7(LEADER)], next_seq=7
2026-02-12 10:56:40 - BROADCAST MEMBERSHIP: term=1, members=[Node 7(LEADER)], next_seq=7
2026-02-12 10:56:42 - BROADCAST MEMBERSHIP: term=1, members=[Node 7(LEADER)], next_seq=7
2026-02-12 10:56:44 - BROADCAST MEMBERSHIP: term=1, members=[Node 7(LEADER)], next_seq=7
